Welcome to Ubuntu 22.04.1 LTS (GNU/Linux 5.15.0-1019-aws x86_64)

 * Documentation:  https://help.ubuntu.com
 * Management:     https://landscape.canonical.com
 * Support:        https://ubuntu.com/advantage

  System information as of Wed Nov 30 04:59:43 UTC 2022

  System load:  0.0107421875      Processes:             102
  Usage of /:   19.6% of 7.57GB   Users logged in:       0
  Memory usage: 20%               IPv4 address for eth0: 10.0.11.100
  Swap usage:   0%

0 updates can be applied immediately.


The list of available updates is more than a week old.
To check for new updates run: sudo apt update


The programs included with the Ubuntu system are free software;
the exact distribution terms for each program are described in the
individual files in /usr/share/doc/*/copyright.

Ubuntu comes with ABSOLUTELY NO WARRANTY, to the extent permitted by
applicable law.

To run a command as administrator (user "root"), use "sudo <command>".
See "man sudo_root" for details.

ubuntu@ip-10-0-11-100:~$ sudo apt-get update
Hit:1 http://us-east-1.ec2.archive.ubuntu.com/ubuntu jammy InRelease
Get:2 http://us-east-1.ec2.archive.ubuntu.com/ubuntu jammy-updates InRelease [114 kB]
Get:3 http://us-east-1.ec2.archive.ubuntu.com/ubuntu jammy-backports InRelease [99.8 kB]
Get:4 http://us-east-1.ec2.archive.ubuntu.com/ubuntu jammy/universe amd64 Packages [14.1 MB]
Get:5 http://security.ubuntu.com/ubuntu jammy-security InRelease [110 kB]
Get:6 http://us-east-1.ec2.archive.ubuntu.com/ubuntu jammy/universe Translation-en [5652 kB]
Get:7 http://us-east-1.ec2.archive.ubuntu.com/ubuntu jammy/universe amd64 c-n-f Metadata [286 kB]
Get:8 http://us-east-1.ec2.archive.ubuntu.com/ubuntu jammy/multiverse amd64 Packages [217 kB]
Get:9 http://us-east-1.ec2.archive.ubuntu.com/ubuntu jammy/multiverse Translation-en [112 kB]
Get:10 http://us-east-1.ec2.archive.ubuntu.com/ubuntu jammy/multiverse amd64 c-n-f Metadata [8372 B]
Get:11 http://us-east-1.ec2.archive.ubuntu.com/ubuntu jammy-updates/main amd64 Packages [734 kB]
Get:12 http://us-east-1.ec2.archive.ubuntu.com/ubuntu jammy-updates/main Translation-en [165 kB]
Get:13 http://us-east-1.ec2.archive.ubuntu.com/ubuntu jammy-updates/main amd64 c-n-f Metadata [10.9 kB]
Get:14 http://us-east-1.ec2.archive.ubuntu.com/ubuntu jammy-updates/restricted amd64 Packages [453 kB]
Get:15 http://us-east-1.ec2.archive.ubuntu.com/ubuntu jammy-updates/restricted Translation-en [69.3 kB]
Get:16 http://us-east-1.ec2.archive.ubuntu.com/ubuntu jammy-updates/restricted amd64 c-n-f Metadata [584 B]
Get:17 http://us-east-1.ec2.archive.ubuntu.com/ubuntu jammy-updates/universe amd64 Packages [757 kB]
Get:18 http://us-east-1.ec2.archive.ubuntu.com/ubuntu jammy-updates/universe Translation-en [126 kB]
Get:19 http://us-east-1.ec2.archive.ubuntu.com/ubuntu jammy-updates/universe amd64 c-n-f Metadata [4404 B]
Get:20 http://us-east-1.ec2.archive.ubuntu.com/ubuntu jammy-updates/multiverse amd64 Packages [7216 B]
Get:21 http://us-east-1.ec2.archive.ubuntu.com/ubuntu jammy-updates/multiverse Translation-en [2360 B]
Get:22 http://us-east-1.ec2.archive.ubuntu.com/ubuntu jammy-updates/multiverse amd64 c-n-f Metadata [420 B]
Get:23 http://us-east-1.ec2.archive.ubuntu.com/ubuntu jammy-backports/main amd64 Packages [3008 B]
Get:24 http://us-east-1.ec2.archive.ubuntu.com/ubuntu jammy-backports/main Translation-en [1432 B]
Get:25 http://us-east-1.ec2.archive.ubuntu.com/ubuntu jammy-backports/main amd64 c-n-f Metadata [272 B]
Get:26 http://us-east-1.ec2.archive.ubuntu.com/ubuntu jammy-backports/restricted amd64 c-n-f Metadata [116 B]
Get:27 http://us-east-1.ec2.archive.ubuntu.com/ubuntu jammy-backports/universe amd64 Packages [6740 B]
Get:28 http://us-east-1.ec2.archive.ubuntu.com/ubuntu jammy-backports/universe Translation-en [9360 B]
Get:29 http://us-east-1.ec2.archive.ubuntu.com/ubuntu jammy-backports/universe amd64 c-n-f Metadata [352 B]
Get:30 http://us-east-1.ec2.archive.ubuntu.com/ubuntu jammy-backports/multiverse amd64 c-n-f Metadata [116 B]
Get:31 http://security.ubuntu.com/ubuntu jammy-security/main amd64 Packages [499 kB]
Get:32 http://security.ubuntu.com/ubuntu jammy-security/main Translation-en [108 kB]
Get:33 http://security.ubuntu.com/ubuntu jammy-security/restricted amd64 Packages [412 kB]
Get:34 http://security.ubuntu.com/ubuntu jammy-security/restricted Translation-en [62.9 kB]
Get:35 http://security.ubuntu.com/ubuntu jammy-security/universe amd64 Packages [619 kB]
Get:36 http://security.ubuntu.com/ubuntu jammy-security/universe Translation-en [81.1 kB]
Get:37 http://security.ubuntu.com/ubuntu jammy-security/universe amd64 c-n-f Metadata [2408 B]
Get:38 http://security.ubuntu.com/ubuntu jammy-security/multiverse amd64 Packages [4192 B]
Get:39 http://security.ubuntu.com/ubuntu jammy-security/multiverse Translation-en [900 B]
Get:40 http://security.ubuntu.com/ubuntu jammy-security/multiverse amd64 c-n-f Metadata [228 B]
Fetched 24.8 MB in 4s (6360 kB/s)               
Reading package lists... Done
ubuntu@ip-10-0-11-100:~$ sudo apt-get install mysql-client 
Reading package lists... Done
Building dependency tree... Done
Reading state information... Done
The following additional packages will be installed:
  mysql-client-8.0 mysql-client-core-8.0 mysql-common
The following NEW packages will be installed:
  mysql-client mysql-client-8.0 mysql-client-core-8.0 mysql-common
0 upgraded, 4 newly installed, 0 to remove and 90 not upgraded.
Need to get 2702 kB of archives.
After this operation, 62.3 MB of additional disk space will be used.
Do you want to continue? [Y/n] y
Get:1 http://us-east-1.ec2.archive.ubuntu.com/ubuntu jammy-updates/main amd64 mysql-client-core-8.0 amd64 8.0.31-0ubuntu0.22.04.1 [2663 kB]
Get:2 http://us-east-1.ec2.archive.ubuntu.com/ubuntu jammy/main amd64 mysql-common all 5.8+1.0.8 [7212 B]
Get:3 http://us-east-1.ec2.archive.ubuntu.com/ubuntu jammy-updates/main amd64 mysql-client-8.0 amd64 8.0.31-0ubuntu0.22.04.1 [22.7 kB]
Get:4 http://us-east-1.ec2.archive.ubuntu.com/ubuntu jammy-updates/main amd64 mysql-client all 8.0.31-0ubuntu0.22.04.1 [9428 B]
Fetched 2702 kB in 0s (23.6 MB/s) 
Selecting previously unselected package mysql-client-core-8.0.
(Reading database ... 63663 files and directories currently installed.)
Preparing to unpack .../mysql-client-core-8.0_8.0.31-0ubuntu0.22.04.1_amd64.deb ...
Unpacking mysql-client-core-8.0 (8.0.31-0ubuntu0.22.04.1) ...
Selecting previously unselected package mysql-common.
Preparing to unpack .../mysql-common_5.8+1.0.8_all.deb ...
Unpacking mysql-common (5.8+1.0.8) ...
Selecting previously unselected package mysql-client-8.0.
Preparing to unpack .../mysql-client-8.0_8.0.31-0ubuntu0.22.04.1_amd64.deb ...
Unpacking mysql-client-8.0 (8.0.31-0ubuntu0.22.04.1) ...
Selecting previously unselected package mysql-client.
Preparing to unpack .../mysql-client_8.0.31-0ubuntu0.22.04.1_all.deb ...
Unpacking mysql-client (8.0.31-0ubuntu0.22.04.1) ...
Setting up mysql-common (5.8+1.0.8) ...
update-alternatives: using /etc/mysql/my.cnf.fallback to provide /etc/mysql/my.cnf (my.cnf) in auto mode
Setting up mysql-client-core-8.0 (8.0.31-0ubuntu0.22.04.1) ...
Setting up mysql-client-8.0 (8.0.31-0ubuntu0.22.04.1) ...
Setting up mysql-client (8.0.31-0ubuntu0.22.04.1) ...
Processing triggers for man-db (2.10.2-1) ...
Scanning processes...                                                                                                                                                   
Scanning linux images...                                                                                                                                                

Running kernel seems to be up-to-date.

No services need to be restarted.

No containers need to be restarted.

No user sessions are running outdated binaries.

No VM guests are running outdated hypervisor (qemu) binaries on this host.
ubuntu@ip-10-0-11-100:~$ sudo systemctl status mysql
Unit mysql.service could not be found.
ubuntu@ip-10-0-11-100:~$ sudo apt-get install php-mysql
Reading package lists... Done
Building dependency tree... Done
Reading state information... Done
The following additional packages will be installed:
  php-common php8.1-common php8.1-mysql
The following NEW packages will be installed:
  php-common php-mysql php8.1-common php8.1-mysql
0 upgraded, 4 newly installed, 0 to remove and 90 not upgraded.
Need to get 1270 kB of archives.
After this operation, 9624 kB of additional disk space will be used.
Do you want to continue? [Y/n] y
Get:1 http://us-east-1.ec2.archive.ubuntu.com/ubuntu jammy/main amd64 php-common all 2:92ubuntu1 [12.4 kB]
Get:2 http://us-east-1.ec2.archive.ubuntu.com/ubuntu jammy-updates/main amd64 php8.1-common amd64 8.1.2-1ubuntu2.9 [1126 kB]
Get:3 http://us-east-1.ec2.archive.ubuntu.com/ubuntu jammy-updates/main amd64 php8.1-mysql amd64 8.1.2-1ubuntu2.9 [130 kB]
Get:4 http://us-east-1.ec2.archive.ubuntu.com/ubuntu jammy/main amd64 php-mysql all 2:8.1+92ubuntu1 [1834 B]
Fetched 1270 kB in 0s (23.2 MB/s)
Selecting previously unselected package php-common.
(Reading database ... 63723 files and directories currently installed.)
Preparing to unpack .../php-common_2%3a92ubuntu1_all.deb ...
Unpacking php-common (2:92ubuntu1) ...
Selecting previously unselected package php8.1-common.
Preparing to unpack .../php8.1-common_8.1.2-1ubuntu2.9_amd64.deb ...
Unpacking php8.1-common (8.1.2-1ubuntu2.9) ...
Selecting previously unselected package php8.1-mysql.
Preparing to unpack .../php8.1-mysql_8.1.2-1ubuntu2.9_amd64.deb ...
Unpacking php8.1-mysql (8.1.2-1ubuntu2.9) ...
Selecting previously unselected package php-mysql.
Preparing to unpack .../php-mysql_2%3a8.1+92ubuntu1_all.deb ...
Unpacking php-mysql (2:8.1+92ubuntu1) ...
Setting up php-common (2:92ubuntu1) ...
Created symlink /etc/systemd/system/timers.target.wants/phpsessionclean.timer â†’ /lib/systemd/system/phpsessionclean.timer.
Setting up php8.1-common (8.1.2-1ubuntu2.9) ...

Creating config file /etc/php/8.1/mods-available/calendar.ini with new version

Creating config file /etc/php/8.1/mods-available/ctype.ini with new version

Creating config file /etc/php/8.1/mods-available/exif.ini with new version

Creating config file /etc/php/8.1/mods-available/fileinfo.ini with new version

Creating config file /etc/php/8.1/mods-available/ffi.ini with new version

Creating config file /etc/php/8.1/mods-available/ftp.ini with new version

Creating config file /etc/php/8.1/mods-available/gettext.ini with new version

Creating config file /etc/php/8.1/mods-available/iconv.ini with new version

Creating config file /etc/php/8.1/mods-available/pdo.ini with new version

Creating config file /etc/php/8.1/mods-available/phar.ini with new version

Creating config file /etc/php/8.1/mods-available/posix.ini with new version

Creating config file /etc/php/8.1/mods-available/shmop.ini with new version

Creating config file /etc/php/8.1/mods-available/sockets.ini with new version

Creating config file /etc/php/8.1/mods-available/sysvmsg.ini with new version

Creating config file /etc/php/8.1/mods-available/sysvsem.ini with new version

Creating config file /etc/php/8.1/mods-available/sysvshm.ini with new version

Creating config file /etc/php/8.1/mods-available/tokenizer.ini with new version
Setting up php8.1-mysql (8.1.2-1ubuntu2.9) ...

Creating config file /etc/php/8.1/mods-available/mysqlnd.ini with new version

Creating config file /etc/php/8.1/mods-available/mysqli.ini with new version

Creating config file /etc/php/8.1/mods-available/pdo_mysql.ini with new version
Setting up php-mysql (2:8.1+92ubuntu1) ...
Scanning processes...                                                                                                                                                   
Scanning linux images...                                                                                                                                                

Running kernel seems to be up-to-date.

No services need to be restarted.

No containers need to be restarted.

No user sessions are running outdated binaries.

No VM guests are running outdated hypervisor (qemu) binaries on this host.
ubuntu@ip-10-0-11-100:~$ sudo apt-get install apache2
Reading package lists... Done
Building dependency tree... Done
Reading state information... Done
The following additional packages will be installed:
  apache2-bin apache2-data apache2-utils bzip2 libapr1 libaprutil1 libaprutil1-dbd-sqlite3 libaprutil1-ldap liblua5.3-0 mailcap mime-support ssl-cert
Suggested packages:
  apache2-doc apache2-suexec-pristine | apache2-suexec-custom www-browser bzip2-doc
The following NEW packages will be installed:
  apache2 apache2-bin apache2-data apache2-utils bzip2 libapr1 libaprutil1 libaprutil1-dbd-sqlite3 libaprutil1-ldap liblua5.3-0 mailcap mime-support ssl-cert
0 upgraded, 13 newly installed, 0 to remove and 90 not upgraded.
Need to get 2136 kB of archives.
After this operation, 8505 kB of additional disk space will be used.
Do you want to continue? [Y/n] y
Get:1 http://us-east-1.ec2.archive.ubuntu.com/ubuntu jammy/main amd64 libapr1 amd64 1.7.0-8build1 [107 kB]
Get:2 http://us-east-1.ec2.archive.ubuntu.com/ubuntu jammy/main amd64 libaprutil1 amd64 1.6.1-5ubuntu4 [92.4 kB]
Get:3 http://us-east-1.ec2.archive.ubuntu.com/ubuntu jammy/main amd64 libaprutil1-dbd-sqlite3 amd64 1.6.1-5ubuntu4 [11.3 kB]
Get:4 http://us-east-1.ec2.archive.ubuntu.com/ubuntu jammy/main amd64 libaprutil1-ldap amd64 1.6.1-5ubuntu4 [9162 B]
Get:5 http://us-east-1.ec2.archive.ubuntu.com/ubuntu jammy/main amd64 liblua5.3-0 amd64 5.3.6-1build1 [140 kB]
Get:6 http://us-east-1.ec2.archive.ubuntu.com/ubuntu jammy-updates/main amd64 apache2-bin amd64 2.4.52-1ubuntu4.2 [1344 kB]
Get:7 http://us-east-1.ec2.archive.ubuntu.com/ubuntu jammy-updates/main amd64 apache2-data all 2.4.52-1ubuntu4.2 [165 kB]
Get:8 http://us-east-1.ec2.archive.ubuntu.com/ubuntu jammy-updates/main amd64 apache2-utils amd64 2.4.52-1ubuntu4.2 [89.3 kB]
Get:9 http://us-east-1.ec2.archive.ubuntu.com/ubuntu jammy/main amd64 mailcap all 3.70+nmu1ubuntu1 [23.8 kB]
Get:10 http://us-east-1.ec2.archive.ubuntu.com/ubuntu jammy/main amd64 mime-support all 3.66 [3696 B]
Get:11 http://us-east-1.ec2.archive.ubuntu.com/ubuntu jammy-updates/main amd64 apache2 amd64 2.4.52-1ubuntu4.2 [97.9 kB]
Get:12 http://us-east-1.ec2.archive.ubuntu.com/ubuntu jammy/main amd64 bzip2 amd64 1.0.8-5build1 [34.8 kB]
Get:13 http://us-east-1.ec2.archive.ubuntu.com/ubuntu jammy/main amd64 ssl-cert all 1.1.2 [17.4 kB]
Fetched 2136 kB in 0s (25.0 MB/s)
Preconfiguring packages ...
Selecting previously unselected package libapr1:amd64.
(Reading database ... 63815 files and directories currently installed.)
Preparing to unpack .../00-libapr1_1.7.0-8build1_amd64.deb ...
Unpacking libapr1:amd64 (1.7.0-8build1) ...
Selecting previously unselected package libaprutil1:amd64.
Preparing to unpack .../01-libaprutil1_1.6.1-5ubuntu4_amd64.deb ...
Unpacking libaprutil1:amd64 (1.6.1-5ubuntu4) ...
Selecting previously unselected package libaprutil1-dbd-sqlite3:amd64.
Preparing to unpack .../02-libaprutil1-dbd-sqlite3_1.6.1-5ubuntu4_amd64.deb ...
Unpacking libaprutil1-dbd-sqlite3:amd64 (1.6.1-5ubuntu4) ...
Selecting previously unselected package libaprutil1-ldap:amd64.
Preparing to unpack .../03-libaprutil1-ldap_1.6.1-5ubuntu4_amd64.deb ...
Unpacking libaprutil1-ldap:amd64 (1.6.1-5ubuntu4) ...
Selecting previously unselected package liblua5.3-0:amd64.
Preparing to unpack .../04-liblua5.3-0_5.3.6-1build1_amd64.deb ...
Unpacking liblua5.3-0:amd64 (5.3.6-1build1) ...
Selecting previously unselected package apache2-bin.
Preparing to unpack .../05-apache2-bin_2.4.52-1ubuntu4.2_amd64.deb ...
Unpacking apache2-bin (2.4.52-1ubuntu4.2) ...
Selecting previously unselected package apache2-data.
Preparing to unpack .../06-apache2-data_2.4.52-1ubuntu4.2_all.deb ...
Unpacking apache2-data (2.4.52-1ubuntu4.2) ...
Selecting previously unselected package apache2-utils.
Preparing to unpack .../07-apache2-utils_2.4.52-1ubuntu4.2_amd64.deb ...
Unpacking apache2-utils (2.4.52-1ubuntu4.2) ...
Selecting previously unselected package mailcap.
Preparing to unpack .../08-mailcap_3.70+nmu1ubuntu1_all.deb ...
Unpacking mailcap (3.70+nmu1ubuntu1) ...
Selecting previously unselected package mime-support.
Preparing to unpack .../09-mime-support_3.66_all.deb ...
Unpacking mime-support (3.66) ...
Selecting previously unselected package apache2.
Preparing to unpack .../10-apache2_2.4.52-1ubuntu4.2_amd64.deb ...
Unpacking apache2 (2.4.52-1ubuntu4.2) ...
Selecting previously unselected package bzip2.
Preparing to unpack .../11-bzip2_1.0.8-5build1_amd64.deb ...
Unpacking bzip2 (1.0.8-5build1) ...
Selecting previously unselected package ssl-cert.
Preparing to unpack .../12-ssl-cert_1.1.2_all.deb ...
Unpacking ssl-cert (1.1.2) ...
Setting up libapr1:amd64 (1.7.0-8build1) ...
Setting up bzip2 (1.0.8-5build1) ...
Setting up ssl-cert (1.1.2) ...
Setting up liblua5.3-0:amd64 (5.3.6-1build1) ...
Setting up apache2-data (2.4.52-1ubuntu4.2) ...
Setting up mailcap (3.70+nmu1ubuntu1) ...
Setting up libaprutil1:amd64 (1.6.1-5ubuntu4) ...
Setting up mime-support (3.66) ...
Setting up libaprutil1-ldap:amd64 (1.6.1-5ubuntu4) ...
Setting up libaprutil1-dbd-sqlite3:amd64 (1.6.1-5ubuntu4) ...
Setting up apache2-utils (2.4.52-1ubuntu4.2) ...
Setting up apache2-bin (2.4.52-1ubuntu4.2) ...
Setting up apache2 (2.4.52-1ubuntu4.2) ...
Enabling module mpm_event.
Enabling module authz_core.
Enabling module authz_host.
Enabling module authn_core.
Enabling module auth_basic.
Enabling module access_compat.
Enabling module authn_file.
Enabling module authz_user.
Enabling module alias.
Enabling module dir.
Enabling module autoindex.
Enabling module env.
Enabling module mime.
Enabling module negotiation.
Enabling module setenvif.
Enabling module filter.
Enabling module deflate.
Enabling module status.
Enabling module reqtimeout.
Enabling conf charset.
Enabling conf localized-error-pages.
Enabling conf other-vhosts-access-log.
Enabling conf security.
Enabling conf serve-cgi-bin.
Enabling site 000-default.
Created symlink /etc/systemd/system/multi-user.target.wants/apache2.service â†’ /lib/systemd/system/apache2.service.
Created symlink /etc/systemd/system/multi-user.target.wants/apache-htcacheclean.service â†’ /lib/systemd/system/apache-htcacheclean.service.
Processing triggers for ufw (0.36.1-4build1) ...
Processing triggers for man-db (2.10.2-1) ...
Processing triggers for libc-bin (2.35-0ubuntu3.1) ...
Scanning processes...                                                                                                                                                   
Scanning linux images...                                                                                                                                                

Running kernel seems to be up-to-date.

No services need to be restarted.

No containers need to be restarted.

No user sessions are running outdated binaries.

No VM guests are running outdated hypervisor (qemu) binaries on this host.
ubuntu@ip-10-0-11-100:~$ sudo apt-get install php php-mysql libapache2-mod-php
Reading package lists... Done
Building dependency tree... Done
Reading state information... Done
php-mysql is already the newest version (2:8.1+92ubuntu1).
The following additional packages will be installed:
  libapache2-mod-php8.1 php8.1 php8.1-cli php8.1-opcache php8.1-readline
Suggested packages:
  php-pear
The following NEW packages will be installed:
  libapache2-mod-php libapache2-mod-php8.1 php php8.1 php8.1-cli php8.1-opcache php8.1-readline
0 upgraded, 7 newly installed, 0 to remove and 90 not upgraded.
Need to get 3991 kB of archives.
After this operation, 12.2 MB of additional disk space will be used.
Do you want to continue? [Y/n] y
Get:1 http://us-east-1.ec2.archive.ubuntu.com/ubuntu jammy-updates/main amd64 php8.1-opcache amd64 8.1.2-1ubuntu2.9 [365 kB]
Get:2 http://us-east-1.ec2.archive.ubuntu.com/ubuntu jammy-updates/main amd64 php8.1-readline amd64 8.1.2-1ubuntu2.9 [13.5 kB]
Get:3 http://us-east-1.ec2.archive.ubuntu.com/ubuntu jammy-updates/main amd64 php8.1-cli amd64 8.1.2-1ubuntu2.9 [1833 kB]
Get:4 http://us-east-1.ec2.archive.ubuntu.com/ubuntu jammy-updates/main amd64 libapache2-mod-php8.1 amd64 8.1.2-1ubuntu2.9 [1764 kB]
Get:5 http://us-east-1.ec2.archive.ubuntu.com/ubuntu jammy/main amd64 libapache2-mod-php all 2:8.1+92ubuntu1 [2898 B]
Get:6 http://us-east-1.ec2.archive.ubuntu.com/ubuntu jammy-updates/main amd64 php8.1 all 8.1.2-1ubuntu2.9 [9154 B]
Get:7 http://us-east-1.ec2.archive.ubuntu.com/ubuntu jammy/main amd64 php all 2:8.1+92ubuntu1 [2756 B]
Fetched 3991 kB in 0s (32.6 MB/s)
Selecting previously unselected package php8.1-opcache.
(Reading database ... 64584 files and directories currently installed.)
Preparing to unpack .../0-php8.1-opcache_8.1.2-1ubuntu2.9_amd64.deb ...
Unpacking php8.1-opcache (8.1.2-1ubuntu2.9) ...
Selecting previously unselected package php8.1-readline.
Preparing to unpack .../1-php8.1-readline_8.1.2-1ubuntu2.9_amd64.deb ...
Unpacking php8.1-readline (8.1.2-1ubuntu2.9) ...
Selecting previously unselected package php8.1-cli.
Preparing to unpack .../2-php8.1-cli_8.1.2-1ubuntu2.9_amd64.deb ...
Unpacking php8.1-cli (8.1.2-1ubuntu2.9) ...
Selecting previously unselected package libapache2-mod-php8.1.
Preparing to unpack .../3-libapache2-mod-php8.1_8.1.2-1ubuntu2.9_amd64.deb ...
Unpacking libapache2-mod-php8.1 (8.1.2-1ubuntu2.9) ...
Selecting previously unselected package libapache2-mod-php.
Preparing to unpack .../4-libapache2-mod-php_2%3a8.1+92ubuntu1_all.deb ...
Unpacking libapache2-mod-php (2:8.1+92ubuntu1) ...
Selecting previously unselected package php8.1.
Preparing to unpack .../5-php8.1_8.1.2-1ubuntu2.9_all.deb ...
Unpacking php8.1 (8.1.2-1ubuntu2.9) ...
Selecting previously unselected package php.
Preparing to unpack .../6-php_2%3a8.1+92ubuntu1_all.deb ...
Unpacking php (2:8.1+92ubuntu1) ...
Setting up php8.1-readline (8.1.2-1ubuntu2.9) ...

Creating config file /etc/php/8.1/mods-available/readline.ini with new version
Setting up php8.1-opcache (8.1.2-1ubuntu2.9) ...

Creating config file /etc/php/8.1/mods-available/opcache.ini with new version
Setting up php8.1-cli (8.1.2-1ubuntu2.9) ...
update-alternatives: using /usr/bin/php8.1 to provide /usr/bin/php (php) in auto mode
update-alternatives: using /usr/bin/phar8.1 to provide /usr/bin/phar (phar) in auto mode
update-alternatives: using /usr/bin/phar.phar8.1 to provide /usr/bin/phar.phar (phar.phar) in auto mode

Creating config file /etc/php/8.1/cli/php.ini with new version
Setting up libapache2-mod-php8.1 (8.1.2-1ubuntu2.9) ...

Creating config file /etc/php/8.1/apache2/php.ini with new version
Module mpm_event disabled.
Enabling module mpm_prefork.
apache2_switch_mpm Switch to prefork
apache2_invoke: Enable module php8.1
Setting up php8.1 (8.1.2-1ubuntu2.9) ...
Setting up libapache2-mod-php (2:8.1+92ubuntu1) ...
Setting up php (2:8.1+92ubuntu1) ...
Processing triggers for man-db (2.10.2-1) ...
Processing triggers for php8.1-cli (8.1.2-1ubuntu2.9) ...
Processing triggers for libapache2-mod-php8.1 (8.1.2-1ubuntu2.9) ...
Scanning processes...                                                                                                                                                   
Scanning linux images...                                                                                                                                                

Running kernel seems to be up-to-date.

No services need to be restarted.

No containers need to be restarted.

No user sessions are running outdated binaries.

No VM guests are running outdated hypervisor (qemu) binaries on this host.
ubuntu@ip-10-0-11-100:~$ sudo git clone https://github.com/sreepathysois/phpmysql-app.git
Cloning into 'phpmysql-app'...
remote: Enumerating objects: 321, done.
remote: Counting objects: 100% (33/33), done.
remote: Compressing objects: 100% (27/27), done.
remote: Total 321 (delta 19), reused 5 (delta 5), pack-reused 288
Receiving objects: 100% (321/321), 13.80 MiB | 32.78 MiB/s, done.
Resolving deltas: 100% (58/58), done.
ubuntu@ip-10-0-11-100:~$ ls
phpmysql-app
ubuntu@ip-10-0-11-100:~$ cd phpmysql-app/
ubuntu@ip-10-0-11-100:~/phpmysql-app$ ls
Jenkinsfile  docker-compose.yml          ecommerce_mysql_db_deployment.yaml  ecommerce_php_app_deployment.yaml  php
README.md    docker-compose_updated.yml  ecommerce_mysql_db_service.yaml     ecommerce_php_app_service.yaml
ubuntu@ip-10-0-11-100:~/phpmysql-app$ cd php
ubuntu@ip-10-0-11-100:~/phpmysql-app/php$ ls
online-shopping-system
ubuntu@ip-10-0-11-100:~/phpmysql-app/php$ online-shopping-system/
-bash: online-shopping-system/: Is a directory
ubuntu@ip-10-0-11-100:~/phpmysql-app/php$ cd online-shopping-system/
ubuntu@ip-10-0-11-100:~/phpmysql-app/php/online-shopping-system$ ls
Dockerfile                _config.yml  cart.php              css        fonts           img        login_form.php   payment_success.php  register_form.php
Dockerfile_update_webapp  action.php   checkout.php          database   footer.php      index.php  logout.php       product.php          store.php
LICENSE                   admin        checkout_process.php  db.php     header.php      js         newslettter.php  product_images
README.md                 body.php     config.php            error.php  homeaction.php  login.php  offersmail.php   register.php
ubuntu@ip-10-0-11-100:~/phpmysql-app/php/online-shopping-system$ sudo cp -rf * /var/www/html/ .
cp: 'Dockerfile' and './Dockerfile' are the same file
cp: 'Dockerfile_update_webapp' and './Dockerfile_update_webapp' are the same file
cp: 'LICENSE' and './LICENSE' are the same file
cp: 'README.md' and './README.md' are the same file
cp: '_config.yml' and './_config.yml' are the same file
cp: 'action.php' and './action.php' are the same file
cp: 'admin' and './admin' are the same file
cp: 'body.php' and './body.php' are the same file
cp: 'cart.php' and './cart.php' are the same file
cp: 'checkout.php' and './checkout.php' are the same file
cp: 'checkout_process.php' and './checkout_process.php' are the same file
cp: 'config.php' and './config.php' are the same file
cp: 'css' and './css' are the same file
cp: 'database' and './database' are the same file
cp: 'db.php' and './db.php' are the same file
cp: 'error.php' and './error.php' are the same file
cp: 'fonts' and './fonts' are the same file
cp: 'footer.php' and './footer.php' are the same file
cp: 'header.php' and './header.php' are the same file
cp: 'homeaction.php' and './homeaction.php' are the same file
cp: 'img' and './img' are the same file
cp: 'index.php' and './index.php' are the same file
cp: 'js' and './js' are the same file
cp: 'login.php' and './login.php' are the same file
cp: 'login_form.php' and './login_form.php' are the same file
cp: 'logout.php' and './logout.php' are the same file
cp: 'newslettter.php' and './newslettter.php' are the same file
cp: 'offersmail.php' and './offersmail.php' are the same file
cp: 'payment_success.php' and './payment_success.php' are the same file
cp: 'product.php' and './product.php' are the same file
cp: 'product_images' and './product_images' are the same file
cp: 'register.php' and './register.php' are the same file
cp: 'register_form.php' and './register_form.php' are the same file
cp: 'store.php' and './store.php' are the same file
ubuntu@ip-10-0-11-100:~/phpmysql-app/php/online-shopping-system$ sudo cp -rf * /var/www/html/.
ubuntu@ip-10-0-11-100:~/phpmysql-app/php/online-shopping-system$ cd /var/www/html
ubuntu@ip-10-0-11-100:/var/www/html$ ls
Dockerfile                _config.yml  cart.php              css        fonts           html        js              newslettter.php      product_images
Dockerfile_update_webapp  action.php   checkout.php          database   footer.php      img         login.php       offersmail.php       register.php
LICENSE                   admin        checkout_process.php  db.php     header.php      index.html  login_form.php  payment_success.php  register_form.php
README.md                 body.php     config.php            error.php  homeaction.php  index.php   logout.php      product.php          store.php
ubuntu@ip-10-0-11-100:/var/www/html$ sudo systemctl restart apache
Failed to restart apache.service: Unit apache.service not found.
ubuntu@ip-10-0-11-100:/var/www/html$ sudo systemctl restart apache2
ubuntu@ip-10-0-11-100:/var/www/html$ sudo vi /etc/apache2/sites-avaliable/000-default.conf
ubuntu@ip-10-0-11-100:/var/www/html$ sudo nano /etc/apache2/sites-avaliable/000-default.conf
ubuntu@ip-10-0-11-100:/var/www/html$ cd
ubuntu@ip-10-0-11-100:~$ sudo mysql -h lab-db.cfdkg5x0cxhq.us-east-1.rds.amazonaws.com -u -p
ERROR 1045 (28000): Access denied for user '-p'@'10.0.11.100' (using password: NO)
ubuntu@ip-10-0-11-100:~$ sudo mysql -h lab-db.cfdkg5x0cxhq.us-east-1.rds.amazonaws.com -u -p lab-password
ERROR 1045 (28000): Access denied for user '-p'@'10.0.11.100' (using password: NO)
ubuntu@ip-10-0-11-100:~$ sudo mysql -h lab-db.cfdkg5x0cxhq.us-east-1.rds.amazonaws.com -u -p lab-password
ERROR 1045 (28000): Access denied for user '-p'@'10.0.11.100' (using password: NO)
ubuntu@ip-10-0-11-100:~$ sudo mysql -h lab-db.cfdkg5x0cxhq.us-east-1.rds.amazonaws.com -u main -p lab-password
Enter password: 
ERROR 1049 (42000): Unknown database 'lab-password'
ubuntu@ip-10-0-11-100:~$ sudo mysql -h lab-db.cfdkg5x0cxhq.us-east-1.rds.amazonaws.com -u main -p
Enter password: 
Welcome to the MySQL monitor.  Commands end with ; or \g.
Your MySQL connection id is 22
Server version: 8.0.28 Source distribution

Copyright (c) 2000, 2022, Oracle and/or its affiliates.

Oracle is a registered trademark of Oracle Corporation and/or its
affiliates. Other names may be trademarks of their respective
owners.

Type 'help;' or '\h' for help. Type '\c' to clear the current input statement.

mysql> show database
    -> exit
    -> \c
mysql> exit
Bye
ubuntu@ip-10-0-11-100:~$ cd online-shopping-system/
-bash: cd: online-shopping-system/: No such file or directory
ubuntu@ip-10-0-11-100:~$ cd
ubuntu@ip-10-0-11-100:~$ ls
phpmysql-app
ubuntu@ip-10-0-11-100:~$ cd phpmysql-app/
ubuntu@ip-10-0-11-100:~/phpmysql-app$ ls
Jenkinsfile  docker-compose.yml          ecommerce_mysql_db_deployment.yaml  ecommerce_php_app_deployment.yaml  php
README.md    docker-compose_updated.yml  ecommerce_mysql_db_service.yaml     ecommerce_php_app_service.yaml
ubuntu@ip-10-0-11-100:~/phpmysql-app$ cd php
ubuntu@ip-10-0-11-100:~/phpmysql-app/php$ ls
online-shopping-system
ubuntu@ip-10-0-11-100:~/phpmysql-app/php$ cd online-shopping-system/
ubuntu@ip-10-0-11-100:~/phpmysql-app/php/online-shopping-system$ ls
Dockerfile                _config.yml  cart.php              css        fonts           html       login.php        offersmail.php       register.php
Dockerfile_update_webapp  action.php   checkout.php          database   footer.php      img        login_form.php   payment_success.php  register_form.php
LICENSE                   admin        checkout_process.php  db.php     header.php      index.php  logout.php       product.php          store.php
README.md                 body.php     config.php            error.php  homeaction.php  js         newslettter.php  product_images
ubuntu@ip-10-0-11-100:~/phpmysql-app/php/online-shopping-system$ sudo nano db.php
ubuntu@ip-10-0-11-100:~/phpmysql-app/php/online-shopping-system$ sudo mysql -h lab-db.cfdkg5x0cxhq.us-east-1.rds.amazonaws.com -u main -p
Enter password: 
Welcome to the MySQL monitor.  Commands end with ; or \g.
Your MySQL connection id is 26
Server version: 8.0.28 Source distribution

Copyright (c) 2000, 2022, Oracle and/or its affiliates.

Oracle is a registered trademark of Oracle Corporation and/or its
affiliates. Other names may be trademarks of their respective
owners.

Type 'help;' or '\h' for help. Type '\c' to clear the current input statement.

mysql> show database;
ERROR 1064 (42000): You have an error in your SQL syntax; check the manual that corresponds to your MySQL server version for the right syntax to use near 'database' at line 1
mysql> show database;
ERROR 1064 (42000): You have an error in your SQL syntax; check the manual that corresponds to your MySQL server version for the right syntax to use near 'database' at line 1
mysql> show database ;
ERROR 1064 (42000): You have an error in your SQL syntax; check the manual that corresponds to your MySQL server version for the right syntax to use near 'database' at line 1
mysql> show database;
ERROR 1064 (42000): You have an error in your SQL syntax; check the manual that corresponds to your MySQL server version for the right syntax to use near 'database' at line 1
mysql> show database;
ERROR 1064 (42000): You have an error in your SQL syntax; check the manual that corresponds to your MySQL server version for the right syntax to use near 'database' at line 1
mysql> show databases;
+--------------------+
| Database           |
+--------------------+
| ecommdatabase      |
| information_schema |
| mysql              |
| performance_schema |
| sys                |
+--------------------+
5 rows in set (0.00 sec)

mysql> use ecommdatabase;
Database changed
mysql> show tables;
Empty set (0.00 sec)

mysql> source onlineshoping.sql;
ERROR: 
Failed to open file 'onlineshoping.sql', error: 2
mysql> source onlineshop.sql;
ERROR: 
Failed to open file 'onlineshop.sql', error: 2
mysql> source onlineshop.sql;
ERROR: 
Failed to open file 'onlineshop.sql', error: 2
mysql> xit
    -> exit
    -> 
[1]+  Stopped                 sudo mysql -h lab-db.cfdkg5x0cxhq.us-east-1.rds.amazonaws.com -u main -p
ubuntu@ip-10-0-11-100:~/phpmysql-app/php/online-shopping-system$ cd /var/www/html
ubuntu@ip-10-0-11-100:/var/www/html$ s
s: command not found
ubuntu@ip-10-0-11-100:/var/www/html$ ls
Dockerfile                _config.yml  cart.php              css        fonts           html        js              newslettter.php      product_images
Dockerfile_update_webapp  action.php   checkout.php          database   footer.php      img         login.php       offersmail.php       register.php
LICENSE                   admin        checkout_process.php  db.php     header.php      index.html  login_form.php  payment_success.php  register_form.php
README.md                 body.php     config.php            error.php  homeaction.php  index.php   logout.php      product.php          store.php
ubuntu@ip-10-0-11-100:/var/www/html$ cd database
ubuntu@ip-10-0-11-100:/var/www/html/database$ ls
Dockerfile_db  onlineshop.sql
ubuntu@ip-10-0-11-100:/var/www/html/database$ ^C
ubuntu@ip-10-0-11-100:/var/www/html/database$ sudo mysql -h lab-db.cfdkg5x0cxhq.us-east-1.rds.amazonaws.com -u main -p
Enter password: 
Welcome to the MySQL monitor.  Commands end with ; or \g.
Your MySQL connection id is 29
Server version: 8.0.28 Source distribution

Copyright (c) 2000, 2022, Oracle and/or its affiliates.

Oracle is a registered trademark of Oracle Corporation and/or its
affiliates. Other names may be trademarks of their respective
owners.

Type 'help;' or '\h' for help. Type '\c' to clear the current input statement.

mysql> show databases;
+--------------------+
| Database           |
+--------------------+
| ecommdatabase      |
| information_schema |
| mysql              |
| performance_schema |
| sys                |
+--------------------+
5 rows in set (0.00 sec)

mysql> use ecommdatabase
Database changed
mysql> show tables;
Empty set (0.00 sec)

mysql> source onlineshop.sql
Query OK, 0 rows affected (0.01 sec)

Query OK, 0 rows affected (0.00 sec)

Query OK, 0 rows affected (0.00 sec)

Query OK, 0 rows affected (0.00 sec)

Query OK, 0 rows affected (0.00 sec)

Query OK, 0 rows affected (0.00 sec)

Query OK, 0 rows affected (0.00 sec)

Query OK, 0 rows affected (0.00 sec)

ERROR 1227 (42000): Access denied; you need (at least one of) the SUPER or SET_USER_ID privilege(s) for this operation
Query OK, 0 rows affected, 1 warning (0.02 sec)

Query OK, 1 row affected (0.00 sec)

Query OK, 0 rows affected, 1 warning (0.03 sec)

Query OK, 6 rows affected (0.00 sec)
Records: 6  Duplicates: 0  Warnings: 0

Query OK, 0 rows affected, 4 warnings (0.02 sec)

Query OK, 17 rows affected (0.00 sec)
Records: 17  Duplicates: 0  Warnings: 0

Query OK, 0 rows affected, 1 warning (0.03 sec)

Query OK, 7 rows affected (0.00 sec)
Records: 7  Duplicates: 0  Warnings: 0

Query OK, 0 rows affected, 1 warning (0.02 sec)

Query OK, 3 rows affected (0.00 sec)
Records: 3  Duplicates: 0  Warnings: 0

Query OK, 0 rows affected, 1 warning (0.02 sec)

Query OK, 0 rows affected, 4 warnings (0.02 sec)

Query OK, 2 rows affected (0.00 sec)
Records: 2  Duplicates: 0  Warnings: 0

Query OK, 0 rows affected, 6 warnings (0.02 sec)

Query OK, 1 row affected (0.00 sec)

Query OK, 0 rows affected, 5 warnings (0.03 sec)

Query OK, 3 rows affected (0.00 sec)
Records: 3  Duplicates: 0  Warnings: 0

Query OK, 0 rows affected, 4 warnings (0.03 sec)

Query OK, 71 rows affected (0.00 sec)
Records: 71  Duplicates: 0  Warnings: 0

Query OK, 0 rows affected, 1 warning (0.02 sec)

Query OK, 9 rows affected, 1 warning (0.00 sec)
Records: 9  Duplicates: 0  Warnings: 1

Query OK, 0 rows affected (0.01 sec)

Query OK, 0 rows affected, 1 warning (0.04 sec)

Query OK, 11 rows affected (0.00 sec)
Records: 11  Duplicates: 0  Warnings: 0

Query OK, 0 rows affected (0.05 sec)
Records: 0  Duplicates: 0  Warnings: 0

Query OK, 0 rows affected (0.04 sec)
Records: 0  Duplicates: 0  Warnings: 0

Query OK, 0 rows affected (0.04 sec)
Records: 0  Duplicates: 0  Warnings: 0

Query OK, 0 rows affected (0.03 sec)
Records: 0  Duplicates: 0  Warnings: 0

Query OK, 0 rows affected (0.04 sec)
Records: 0  Duplicates: 0  Warnings: 0

Query OK, 0 rows affected (0.04 sec)
Records: 0  Duplicates: 0  Warnings: 0

Query OK, 0 rows affected (0.04 sec)
Records: 0  Duplicates: 0  Warnings: 0

Query OK, 0 rows affected (0.06 sec)
Records: 0  Duplicates: 0  Warnings: 0

Query OK, 0 rows affected (0.06 sec)
Records: 0  Duplicates: 0  Warnings: 0

Query OK, 0 rows affected (0.06 sec)
Records: 0  Duplicates: 0  Warnings: 0

Query OK, 0 rows affected (0.07 sec)
Records: 0  Duplicates: 0  Warnings: 0

Query OK, 0 rows affected (0.04 sec)
Records: 0  Duplicates: 0  Warnings: 0

Query OK, 1 row affected, 1 warning (0.04 sec)
Records: 1  Duplicates: 0  Warnings: 1

Query OK, 6 rows affected, 1 warning (0.05 sec)
Records: 6  Duplicates: 0  Warnings: 1

Query OK, 17 rows affected, 1 warning (0.05 sec)
Records: 17  Duplicates: 0  Warnings: 1

Query OK, 7 rows affected, 1 warning (0.05 sec)
Records: 7  Duplicates: 0  Warnings: 1

Query OK, 3 rows affected, 1 warning (0.03 sec)
Records: 3  Duplicates: 0  Warnings: 1

Query OK, 0 rows affected, 1 warning (0.04 sec)
Records: 0  Duplicates: 0  Warnings: 1

Query OK, 2 rows affected, 1 warning (0.05 sec)
Records: 2  Duplicates: 0  Warnings: 1

Query OK, 1 row affected, 1 warning (0.06 sec)
Records: 1  Duplicates: 0  Warnings: 1

Query OK, 3 rows affected, 1 warning (0.07 sec)
Records: 3  Duplicates: 0  Warnings: 1

Query OK, 71 rows affected, 1 warning (0.13 sec)
Records: 71  Duplicates: 0  Warnings: 1

Query OK, 9 rows affected, 1 warning (0.04 sec)
Records: 9  Duplicates: 0  Warnings: 1

Query OK, 11 rows affected, 1 warning (0.04 sec)
Records: 11  Duplicates: 0  Warnings: 1

Query OK, 1 row affected (0.04 sec)
Records: 1  Duplicates: 0  Warnings: 0

Query OK, 3 rows affected (0.05 sec)
Records: 3  Duplicates: 0  Warnings: 0

Query OK, 0 rows affected (0.01 sec)

Query OK, 0 rows affected (0.00 sec)

Query OK, 0 rows affected (0.00 sec)

Query OK, 0 rows affected (0.00 sec)

mysql> show tables;
+-------------------------+
| Tables_in_ecommdatabase |
+-------------------------+
| admin_info              |
| brands                  |
| cart                    |
| categories              |
| email_info              |
| logs                    |
| order_products          |
| orders                  |
| orders_info             |
| products                |
| user_info               |
| user_info_backup        |
+-------------------------+
12 rows in set (0.00 sec)

mysql> select * from brands;
+----------+-------------+
| brand_id | brand_title |
+----------+-------------+
|        1 | HP          |
|        2 | Samsung     |
|        3 | Apple       |
|        4 | motorolla   |
|        5 | LG          |
|        6 | Cloth Brand |
+----------+-------------+
6 rows in set (0.01 sec)

mysql> exit
Bye
ubuntu@ip-10-0-11-100:/var/www/html/database$ sudo nano db.php
ubuntu@ip-10-0-11-100:/var/www/html/database$ sudo nano db.php
ubuntu@ip-10-0-11-100:/var/www/html/database$ ls
Dockerfile_db  onlineshop.sql
ubuntu@ip-10-0-11-100:/var/www/html/database$ cd
ubuntu@ip-10-0-11-100:~$ /var/html/database
-bash: /var/html/database: No such file or directory
ubuntu@ip-10-0-11-100:~$ cd /var/html/database
-bash: cd: /var/html/database: No such file or directory
ubuntu@ip-10-0-11-100:~$ cd /var/www/html
ubuntu@ip-10-0-11-100:/var/www/html$ ls
Dockerfile                _config.yml  cart.php              css        fonts           html        js              newslettter.php      product_images
Dockerfile_update_webapp  action.php   checkout.php          database   footer.php      img         login.php       offersmail.php       register.php
LICENSE                   admin        checkout_process.php  db.php     header.php      index.html  login_form.php  payment_success.php  register_form.php
README.md                 body.php     config.php            error.php  homeaction.php  index.php   logout.php      product.php          store.php
ubuntu@ip-10-0-11-100:/var/www/html$ sudo nano db.php
ubuntu@ip-10-0-11-100:/var/www/html$ sudo nano db.php
ubuntu@ip-10-0-11-100:/var/www/html$ sudo systemctl restart apache2
ubuntu@ip-10-0-11-100:/var/www/html$ sudo vi /etc/apache2/sites-available/000-default.conf
ubuntu@ip-10-0-11-100:/var/www/html$ ls
Dockerfile                _config.yml  cart.php              css        fonts           html        js              newslettter.php      product_images
Dockerfile_update_webapp  action.php   checkout.php          database   footer.php      img         login.php       offersmail.php       register.php
LICENSE                   admin        checkout_process.php  db.php     header.php      index.html  login_form.php  payment_success.php  register_form.php
README.md                 body.php     config.php            error.php  homeaction.php  index.php   logout.php      product.php          store.php
ubuntu@ip-10-0-11-100:/var/www/html$ sudo rm -rf index.html
ubuntu@ip-10-0-11-100:/var/www/html$ 
ubuntu@ip-10-0-11-100:/var/www/html$ sudo systemctl restart apache2
ubuntu@ip-10-0-11-100:/var/www/html$ sudo nano db.php
ubuntu@ip-10-0-11-100:/var/www/html$ sudo systemctl restart apache2
ubuntu@ip-10-0-11-100:/var/www/html$ 
